exports[`test renders correctly 1`] = `
<View
  style={
    Object {
      "alignItems": "center",
      "backgroundColor": "rgb(142, 68, 173)",
      "flex": 1,
      "justifyContent": "center"
    }
  }>
  <Text
    accessible={true}
    allowFontScaling={true}
    ellipsizeMode="tail"
    style={
      Object {
        "color": "white",
        "fontSize": 36,
        "fontWeight": "bold"
      }
    }>
    Counter with Redux
  </Text>
  <View
    style={
      Object {
        "flex": 1,
        "flexDirection": "row"
      }
    }>
    <View
      accessibilityComponentType={undefined}
      accessibilityLabel={undefined}
      accessibilityTraits={undefined}
      accessible={true}
      hitSlop={undefined}
      onLayout={undefined}
      onResponderGrant={[Function bound touchableHandleResponderGrant]}
      onResponderMove={[Function bound touchableHandleResponderMove]}
      onResponderRelease={[Function bound touchableHandleResponderRelease]}
      onResponderTerminate={[Function bound touchableHandleResponderTerminate]}
      onResponderTerminationRequest={[Function bound touchableHandleResponderTerminationRequest]}
      onStartShouldSetResponder={[Function bound touchableHandleStartShouldSetResponder]}
      style={
        Array [
          Object {
            "backgroundColor": "transparent"
          },
          undefined
        ]
      }
      testID={undefined}>
      <Text
        accessible={true}
        allowFontScaling={true}
        ellipsizeMode="tail"
        style={
          Object {
            "backgroundColor": "rgb(100, 28, 133)",
            "color": "white",
            "fontSize": 24,
            "fontWeight": "bold",
            "padding": 10
          }
        }>
        Counter 
        1
      </Text>
    </View>
  </View>
</View>
`;
